[vk.com/login.0.delayed]
[vk.com/login.html]
[vk.com/images/icons/favicons/fav_logo1679.ico]
[vk.com/images/icons/pwa/apple/defaultc9f0.png]
[backblue.gif]
[fade.gif]
[index.html]
[vk.com/badbrowser.html]
[vk.com/css/al/commonc80f.css]
[vk.com/css/al/basec4ca.css]
[vk.com/css/al/fonts_utfc4ca.css]
[vk.com/css/al/fonts_cntddcb.css]
[vk.com/badbrowser_statc1a9.php]
[vk.com/css/al/logind80e.css]
[vk.com/css/al/ui_common8585.css]
[vk.com/js/loader_nav1651521_3.js]
[vk.com/js/cmodules/bundles/audioplayer.2f2a9e9e1033b710cdfcb667.js]
[vk.com/js/cmodules/bundles/common.b4f0b5149370f45d6bc449a6.js]
[vk.com/js/cmodules/web/common_web.6969ffacf4e3402bf177b6b4.js]
[vk.com/js/lang3_00e5a.js]
[vk.com/js/lib/pxf60c.js]
[vk.com/js/lib/px8a10.js]
[vk.com/js/cmodules/bundles/vendors.70cc452207d7ab2329a51fc0.js]
[vk.com/js/cmodules/bundles/bf702a1d1838ef404d188c8765291b8b.e4bb183defbe4fc0fdbb2f7d.js]
[vk.com/js/cmodules/web/login.31942764ac547ab5f1e1b374.js]
[vk.com/js/cmodules/web/jobs_devtools_notification.4df10ae32f805993d431b3d4.js]
[vk.com/js/cmodules/web/page_layout.74b6a1e8a066891ffa6a7daf.js]
[vk.com/js/cmodules/bundles/40078178da81a2a294c33d2feddcc76c.bc8473a712e22f821a5d9127.js]
[vk.com/js/cmodules/bundles/2bddcf8eba73bbb0902e1b2f9d33962b.398943f516a729749eb0e2b9.js]
[vk.com/js/cmodules/web/ui_common.c651bb427c7f566d4b0486cb.js]
[vk.com/js/cmodules/bundles/f8a3b0b69a90b5305d627c89f0bd674e.0ddcf139530f9eca6bfb6e18.js]
[vk.com/js/cmodules/web/likes.e06fa24ccc77d308d77a4b1c.js]
[vk.com/js/cmodules/web/grip.4e3739b310753afb9593589c.js]
[vk.com/al_index.html]
[vk.com/index.html]
[vk.com/join.html]
[vk.com/join-2.html]
[vk.com/restore.html]
[vk.com/about.html]
[vk.com/supporte04c.html]
[vk.com/terms.html]
[vk.com/ads]
[vk.com/adscreate]
[vk.com/dev.html]
[vk.com/jobs.html]
[vk.com/lang.php]
[vk.com/login.html]
[vk.com/badbrowser.html]
[vk.com/css/al/commonc80f.css]
[vk.com/css/al/basec4ca.css]
[vk.com/css/al/fonts_utfc4ca.css]
[vk.com/css/al/fonts_cntddcb.css]
[vk.com/GET.html]
[vk.com/css/al/logind80e.css]
[vk.com/css/al/ui_common8585.css]
[vk.com/js/cmodules/bundles/audioplayer.2f2a9e9e1033b710cdfcb667.js]
[vk.com/js/cmodules/bundles/common.b4f0b5149370f45d6bc449a6.js]
[vk.com/js/cmodules/web/common_web.6969ffacf4e3402bf177b6b4.js]
[vk.com/js/lib/pxf60c.js]
[vk.com/js/lib/px8a10.js]
[vk.com/js/cmodules/bundles/vendors.70cc452207d7ab2329a51fc0.js]
[vk.com/js/cmodules/bundles/bf702a1d1838ef404d188c8765291b8b.e4bb183defbe4fc0fdbb2f7d.js]
[vk.com/js/cmodules/web/login.31942764ac547ab5f1e1b374.js]
[vk.com/js/cmodules/web/jobs_devtools_notification.4df10ae32f805993d431b3d4.js]
[vk.com/js/cmodules/web/page_layout.74b6a1e8a066891ffa6a7daf.js]
[vk.com/js/cmodules/bundles/40078178da81a2a294c33d2feddcc76c.bc8473a712e22f821a5d9127.js]
[vk.com/js/cmodules/bundles/2bddcf8eba73bbb0902e1b2f9d33962b.398943f516a729749eb0e2b9.js]
[vk.com/js/cmodules/web/ui_common.c651bb427c7f566d4b0486cb.js]
[vk.com/js/cmodules/bundles/f8a3b0b69a90b5305d627c89f0bd674e.0ddcf139530f9eca6bfb6e18.js]
[vk.com/js/cmodules/web/likes.e06fa24ccc77d308d77a4b1c.js]
[vk.com/js/cmodules/web/grip.4e3739b310753afb9593589c.js]
[vk.com/index.html]
[vk.com/al_index.html]
[vk.com/join.html]
[vk.com/join-2.html]
[vk.com/restore.html]
[vk.com/about.html]
[vk.com/supporte04c.html]
[vk.com/terms.html]
[vk.com/dev.html]
[vk.com/jobs.html]
